Schema: A, B, C
Dependencies:
A -> B
B -> C
Chase Dependency: A -> C
======================================================================
Step 1: Initialize table with 2 rows of distinct values
A  | B  | C 
------------
a1 | b1 | c1
a2 | b2 | c2

Step 2: For each attribute in Left (A), make their values the same
A  | B  | C 
------------
a1 | b1 | c1
a1 | b2 | c2

Step 3: Check each dependency and update table until table satisifies all dependencies
> Check dependency A -> B:
Not Satisfied
Update table to satisfy dependency
Update row 2:
[B]: b2 -> b1
Updated table:
A  | B  | C 
------------
a1 | b1 | c1
a1 | b1 | c2
> Check dependency B -> C:
Not Satisfied
Update table to satisfy dependency
Update row 2:
[C]: c2 -> c1
Updated table:
A  | B  | C 
------------
a1 | b1 | c1
a1 | b1 | c1
> Check dependency A -> B:
Satisfied
> Check dependency B -> C:
Satisfied
Table satisifes all dependencies. End step 3.

Step 4: Check if table satisfies the chase depedency A -> C
Satisfied
