Miss, Misplace, Miss, Misplace, Misplace
Match, Miss, Misplace, Miss, Misplace
Match, Misplace, Miss, Misplace, Match
Match, Match, Match, Match, Match