File Path,Extension,Number Of Lines
SubFolder/Test,Test,2
SubFolder/TestTextFile.csv,.csv,3
Test,Test,2
TestTextFile.txt,.txt,3
