{"Name":"Apple","From":"2020-01-31T00:00:00"}
{
  "Name": "Apple",
  "From": "2020-01-31T00:00:00"
}