DROP TABLE IF EXISTS [__TestTable__];
DROP TABLE IF EXISTS [__CustomTestTable__];
