ALTER TABLE [__TestTable__] ALTER COLUMN [Name] nvarchar(max); -- From: [Name] nvarchar(100)
