-- WARNING - Shrinking column: ALTER TABLE [__TestTable__] ALTER COLUMN [Description] nvarchar(100); -- From: [Description] nvarchar(max)
